------------------------------------
Thu 24 Sep 2026 21:23:45 IDT
SLURM_JOBID:		21666027
SLURM_JOB_NODELIST:	ise-cpu128-13
SLURM_SCRATCH_DIR:	/scratch/yakovelm/21666027
Allocated Resouces:	cpu - 6 / mem - 16384 MB / gpu - 
SLURM_GPU_INDEX:	
Running as yakovelm from sturm account with normal QOS
------------------------------------
SLURM_JOB_ID=21666027 NODE=ise-cpu128-13
Project: Hyperledger; levels: 5,10,15,20
Starting Hyperledger: unstable level 5
Completed Hyperledger: unstable level 5
Starting Hyperledger: unstable level 10
Completed Hyperledger: unstable level 10
Starting Hyperledger: unstable level 15
Completed Hyperledger: unstable level 15
Starting Hyperledger: unstable level 20
Completed Hyperledger: unstable level 20
Verification manifest: /home/yakovelm/Master/Tasks/compare-models-leave-one-project-out/cluster_runs/20260924-212328-564730/hyperledger/results/verification_manifest.json
